 GET /api/kasir/penyewa?limit=20 200 in 1541ms
🔍 [PRE-VALIDATION] Starting stock availability check...
✅ [PRE-VALIDATION] Stock availability check passed
 POST /api/kasir/transaksi 201 in 9015ms
 POST /api/kasir/pembayaran 201 in 3702ms
[AUDIT] {
  "entityType": "pembayaran",
  "entityId": "5d9a7af5-8123-487a-aa92-316fefa65477",
  "action": "create",
  "newData": {
    "id": "5d9a7af5-8123-487a-aa92-316fefa65477",
    "transaksiId": "b25601b6-1a98-414f-a5f8-c89c4cddab78",
    "jumlah": "80000",
    "metode": "tunai",
    "referensi": null,
    "catatan": "Pembayaran awal transaksi",
    "createdBy": "user_2zqMR8BytXixaDKNlvkF8Hm7pOp",
    "createdAt": "2025-11-08T06:51:26.153Z",
    "transaksi": {
      "id": "b25601b6-1a98-414f-a5f8-c89c4cddab78",
      "kode": "TXN-20251108-006",
      "penyewa": {
        "nama": "awal",
        "telepon": "08123456789"
      },
      "totalHarga": "80000",
      "jumlahBayar": "80000",
      "sisaBayar": "0",
      "status": "active"
    }
  },
  "metadata": {
    "operation": "payment_creation",
    "transactionCode": "TXN-20251108-006",
    "amount": 80000,
    "method": "tunai"
  },
  "userId": "user_2zqMR8BytXixaDKNlvkF8Hm7pOp",
  "userRole": "kasir",
  "timestamp": "2025-11-08T06:51:27.938Z"
}
 GET /dashboard 200 in 605ms
 GET /api/kasir/transaksi?page=1&limit=100 200 in 3282ms
 GET /api/kasir/transaksi?page=1&limit=100 200 in 2292ms
