PUT /api/kasir/transaksi/TXN-20251027-003/pengembalian error: Error [ZodError]: [
  {
    "code": "custom",
    "path": [
      "items",
      0,
      "conditions"
    ],
    "message": "Kondisi yang sama tidak boleh diduplikasi dalam satu item"
  }
]
    at PUT (app\api\kasir\transaksi\[kode]\pengembalian\route.ts:136:49)
  134 |
  135 |       // Validate using unified schema
> 136 |       validatedData = unifiedReturnRequestSchema.parse(validatedData)
      |                                                 ^
  137 |
  138 |       // Additional business rules validation
  139 |       const businessValidation = validateUnifiedReturnRequest(validatedData)
 PUT /api/kasir/transaksi/TXN-20251027-003/pengembalian 400 in 3420ms
